en este curso aprederemos comandos git para elcontrol de versiones

PASOS PARA CREAR UN PROYECTO

#1. creamos un repositorio en google drive

mkdir "C:\Users\ASUS\Google Drive (ronesprograms@gmail.com)\platzi-cursos\git-curso"

git init --bare


#2. Clonamos en la laptop el repositorio de google

git clone "C:\Users\ASUS\Google Drive (ronesprograms@gmail.com)\platzi-cursos\git-curso"

cd git-curso


#3. Creamos un repositorio en github cursos-platzi

https://github.com/ronesprograms/cursos-platzi.git


#4. Agregamos el repositorio github al proyecto en la laptop

git remote add origin-github https://github.com/ronesprograms/cursos-platzi.git

$ git remote
origin-github
origin

$ git remote -v
origin-github   https://github.com/ronesprograms/cursos-platzi.git (fetch)
origin-github   https://github.com/ronesprograms/cursos-platzi.git (push)
origin  C:\Users\ASUS\Google Drive (ronesprograms@gmail.com)\platzi-cursos\git-curso (fetch)
origin  C:\Users\ASUS\Google Drive (ronesprograms@gmail.com)\platzi-cursos\git-curso (push)

#5. enviamos el proyecto a github

$ git push origin-github master
To https://github.com/ronesprograms/cursos-platzi.git
 ! [rejected]        master -> master (fetch first)
error: failed to push some refs to 'https://github.com/ronesprograms/cursos-platzi.git'
hint: Updates were rejected because the remote contains work that you do
hint: not have locally. This is usually caused by another repository pushing
hint: to the same ref. You may want to first integrate the remote changes
hint: (e.g., 'git pull ...') before pushing again.
hint: See the 'Note about fast-forwards' in 'git push --help' for details.

Primero tenemos que hacer un git pull$ git pull origin-github
warning: no common commits
remote: Enumerating objects: 3, done.
remote: Counting objects: 100% (3/3), done.
remote: Total 3 (delta 0), reused 0 (delta 0), pack-reused 0
Unpacking objects: 100% (3/3), 620 bytes | 2.00 KiB/s, done.
From https://github.com/ronesprograms/cursos-platzi
 * [new branch]      master     -> origin-github/master
You asked to pull from the remote 'origin-github', but did not specify
a branch. Because this is not the default configured remote
for your current branch, you must specify a branch on the command line.

ASUS@DESKTOP-LQC4BQI MINGW64 /d/workspace/platzi-cursos/git-curso (master)
$  git pull origin-github master
From https://github.com/ronesprograms/cursos-platzi
 * branch            master     -> FETCH_HEAD
fatal: refusing to merge unrelated histories

!!!PERO DA ERROR NO SE PUEDEN MESCLAR LAS HISTORIAS NO RELACIONADAS
Hay que utilizar el comando:

git pull origin-github master --allow-unrelated-histories
$ git pull origin-github master --allow-unrelated-histories
From https://github.com/ronesprograms/cursos-platzi
 * branch            master     -> FETCH_HEAD
error: Your local changes to the following files would be overwritten by merge:
        README.md
Please commit your changes or stash them before you merge.
Aborting
!!! primero hay que hacer commit a todos los archivos del master antes de hacer el pull.

git add .
git commit -m "commit a todos los archivos"

FINALMENTE HACEMOS EL PULL
$ git pull origin-github master --allow-unrelated-histories
remote: Enumerating objects: 5, done.
remote: Counting objects: 100% (5/5), done.
remote: Compressing objects: 100% (2/2), done.
remote: Total 3 (delta 0), reused 0 (delta 0), pack-reused 0
Unpacking objects: 100% (3/3), 1.84 KiB | 14.00 KiB/s, done.
From https://github.com/ronesprograms/cursos-platzi
 * branch            master     -> FETCH_HEAD
   750e8c4..e932537  master     -> origin-github/master
hint: Waiting for your editor to close the file...
Merge made by the 'recursive' strategy.


#6 Hcemos commit en nuestro master para guardar los ultimos cambios
 git commit -am "guardamos los ultimos cambios en el master-local"


#07 Hacemos un push al remoto origin-github desde master para sincronizar los repositorio.

git push origin-github master



#08 mostramos los repositorios con git show
$ git show
commit 7a21481712d487a554238f238ab8f04ec27c2083 (HEAD -> master, origin/master, origin-github/master)
Author: Ronald Espinoza <ronald.espinozaram@gmail.com>
Date:   Fri Jun 5 16:03:45 2020 -0500

    corregimos el proceso de creacion de repositorios

diff --git a/README.md b/README.md
index 145f671..900c050 100644
--- a/README.md
+++ b/README.md
@@ -7,16 +7,16 @@ PASOS PARA CREAR UN PROYECTO

#09 mostramos el log de master
git log

#10 mostramos el log de master de github
git log origin-github/master


#10 mostramos la differencias entre master de github y master local
git diff origin-github/master master

#ahora vamos a modificar directamente en github para luego hacer un pull al local y sincronizar.


ASUS@DESKTOP-LQC4BQI MINGW64 /d/workspace/platzi-cursos/git-curso (master)
$ git pull origin-github master
From https://github.com/ronesprograms/cursos-platzi
 * branch            master     -> FETCH_HEAD
Auto-merging README.md
CONFLICT (content): Merge conflict in README.md
Automatic merge failed; fix conflicts and then commit the result.

ASUS@DESKTOP-LQC4BQI MINGW64 /d/workspace/platzi-cursos/git-curso (master|MERGING)
$ git pull origin-github master
error: Pulling is not possible because you have unmerged files.
hint: Fix them up in the work tree, and then use 'git add/rm <file>'
hint: as appropriate to mark resolution and make a commit.
fatal: Exiting because of an unresolved conflict.

ASUS@DESKTOP-LQC4BQI MINGW64 /d/workspace/platzi-cursos/git-curso (master|MERGING)
$ git status
On branch master
Your branch is ahead of 'origin/master' by 1 commit.
  (use "git push" to publish your local commits)

You have unmerged paths.
  (fix conflicts and run "git commit")
  (use "git merge --abort" to abort the merge)

Unmerged paths:
  (use "git add <file>..." to mark resolution)
        both modified:   README.md

no changes added to commit (use "git add" and/or "git commit -a")

ASUS@DESKTOP-LQC4BQI MINGW64 /d/workspace/platzi-cursos/git-curso (master|MERGING)
$ git commit -am " conflictos eliminados"
[master 67fe391]  conflictos eliminados

ASUS@DESKTOP-LQC4BQI MINGW64 /d/workspace/platzi-cursos/git-curso (master)
$ git pull origin-github master
From https://github.com/ronesprograms/cursos-platzi
 * branch            master     -> FETCH_HEAD
Already up to date.

ASUS@DESKTOP-LQC4BQI MINGW64 /d/workspace/platzi-cursos/git-curso (master)
$ git push origin-github master
giEnumerating objects: 8, done.
Counting objects: 100% (8/8), done.
Delta compression using up to 8 threads
Compressing objects: 100% (3/3), done.
Writing objects: 100% (4/4), 604 bytes | 604.00 KiB/s, done.
Total 4 (delta 1), reused 0 (delta 0), pack-reused 0
remote: Resolving deltas: 100% (1/1), completed with 1 local object.
To https://github.com/ronesprograms/cursos-platzi.git
   b40718f..67fe391  master -> master

ASUS@DESKTOP-LQC4BQI MINGW64 /d/workspace/platzi-cursos/git-curso (master)
$ git push origin master
Enumerating objects: 9, done.
Counting objects: 100% (9/9), done.
Delta compression using up to 8 threads
Compressing objects: 100% (5/5), done.
Writing objects: 100% (7/7), 1.35 KiB | 462.00 KiB/s, done.
Total 7 (delta 2), reused 0 (delta 0), pack-reused 0
To C:\Users\ASUS\Google Drive (ronesprograms@gmail.com)\platzi-cursos\git-curso
   3f81330..67fe391  master -> master