# aquí se enseña a colocar tags a los comit.

git log
git log --all
git log --all --graph
git log --all --graph --decorate --oneline


ASUS@DESKTOP-LQC4BQI MINGW64 /d/workspace/platzi-cursos/git-curso (master)
$ git log --all --oneline --decorate --graph
* 0ff76b4 (HEAD -> master, origin/master, origin-github/master) siempre nos asegurahacer un git pull antes de hacer un push al remoto
* 748459c se agrega el archivo de comando para establecer conexion ssh con github
* 25d3380 guardamos los ultimos cambios
*   67fe391  conflictos eliminados
|\
| * b40718f cambios en el lado remoto para luego sincronizar con el local
* | 4694862 guardamos los cambios para antes de realizar el pull del server remoto
|/
* 3f81330 comando de diferencias entre github master y master local
* 07dbad0 mostramos el log local y remoto
* cf08299 agregamos git show que muestra los repositorios y su alineamiento
* 7a21481 corregimos el proceso de creacion de repositorios
* f0d470b guardamos los ultimos cambios en el master-local
*   8771298 Merge branch 'master' of https://github.com/ronesprograms/cursos-platzi
|\
| * e932537 se iguala los cambios con el master
* | baac75b master corregido
|\|
| * 750e8c4 Initial commit
* ce27270 actualizamos el archivo master antes del pull de github
* f87165f inicio del curso de git en platzi


# creamos alias al comando largo para escribir menos.
alias arbolito="git log --all --graph --decorate --oneline"


ASUS@DESKTOP-LQC4BQI MINGW64 /d/workspace/platzi-cursos/git-curso (master)
$ alias arbolito="git log --all --graph --decorate --oneline"

ASUS@DESKTOP-LQC4BQI MINGW64 /d/workspace/platzi-cursos/git-curso (master)
$ arbolito
* 0ff76b4 (HEAD -> master, origin/master, origin-github/master) siempre nos aseguramos de hacer un git pull antes de hacer un push al remoto
* 748459c se agrega el archivo de comando para establecer conexion ssh con github
* 25d3380 guardamos los ultimos cambios
*   67fe391  conflictos eliminados
|\
| * b40718f cambios en el lado remoto para luego sincronizar con el local
* | 4694862 guardamos los cambios para antes de realizar el pull del server remoto
|/
* 3f81330 comando de diferencias entre github master y master local
* 07dbad0 mostramos el log local y remoto
* cf08299 agregamos git show que muestra los repositorios y su alineamiento
* 7a21481 corregimos el proceso de creacion de repositorios
* f0d470b guardamos los ultimos cambios en el master-local
*   8771298 Merge branch 'master' of https://github.com/ronesprograms/cursos-platzi
|\
| * e932537 se iguala los cambios con el master
* | baac75b master corregido
|\|
| * 750e8c4 Initial commit
* ce27270 actualizamos el archivo master antes del pull de github
* f87165f inicio del curso de git en platzi

>>> Creamos los tags
git tag -a v0.1 -m "ultimos cambios de README.md" 25d3380

>>> para ver los tags
git tag
v0.1

>>> para ver a que commit esta asignado el tag se utiliza el comando.
git show-ref --tags

ASUS@DESKTOP-LQC4BQI MINGW64 /d/workspace/platzi-cursos/git-curso (master)
$ git tag
v0.1

ASUS@DESKTOP-LQC4BQI MINGW64 /d/workspace/platzi-cursos/git-curso (master)
$ git show-ref --tags
2799325037a5a13f44cc0d603d07d1404cb4226d refs/tags/v0.1  <<< el numero es la referencia al tag 

ASUS@DESKTOP-LQC4BQI MINGW64 /d/workspace/platzi-cursos/git-curso (master)
$ arbolito
* 0ff76b4 (HEAD -> master, origin/master, origin-github/master) siempre nos aseguramos de hacer un git pull antes de hacer un push al remoto
* 748459c se agrega el archivo de comando para establecer conexion ssh con github
* 25d3380 (tag: v0.1) guardamos los ultimos cambios
*   67fe391  conflictos eliminados
|\


>> vamos a enviar el tag a github

1. traemos todo del  del servidor remoto con git pull

ASUS@DESKTOP-LQC4BQI MINGW64 /d/workspace/platzi-cursos/git-curso (master)

$ git pull origin-github master

Warning: Permanently added the RSA host key for IP address '140.82.112.4' to the list of known hosts.
From github.com:ronesprograms/cursos-platzi
 * branch            master     -> FETCH_HEAD
Already up to date.


2. enviamos los tags al servidor

ASUS@DESKTOP-LQC4BQI MINGW64 /d/workspace/platzi-cursos/git-curso (master)

$ git push origin-github --tags

Warning: Permanently added the RSA host key for IP address '140.82.114.3' to the list of known hosts.
Enumerating objects: 1, done.
Counting objects: 100% (1/1), done.
Writing objects: 100% (1/1), 185 bytes | 185.00 KiB/s, done.
Total 1 (delta 0), reused 0 (delta 0), pack-reused 0
To github.com:ronesprograms/cursos-platzi.git
 * [new tag]         v0.1 -> v0.1

3. se verifica en github en branch master  que existe el tag.

>>> crear y eliminar un tag.
    ->creamos el tag
$ git tag -a dormido -m "jasdf  qwe m,ñqwemrñlk" 07dbad0

-> verificamos su existencia
$ git tag
dormido
v0.1

ASUS@DESKTOP-LQC4BQI MINGW64 /d/workspace/platzi-cursos/git-curso (master)
$ git pull origin-github master
Warning: Permanently added the RSA host key for IP address '140.82.113.4' to the list of known hosts.
From github.com:ronesprograms/cursos-platzi
 * branch            master     -> FETCH_HEAD
Already up to date.

->enviamos el tag a origin-github
ASUS@DESKTOP-LQC4BQI MINGW64 /d/workspace/platzi-cursos/git-curso (master)
$ git push origin-github --tags
Enumerating objects: 1, done.
Counting objects: 100% (1/1), done.
Writing objects: 100% (1/1), 186 bytes | 186.00 KiB/s, done.
Total 1 (delta 0), reused 0 (delta 0), pack-reused 0
To github.com:ronesprograms/cursos-platzi.git
 * [new tag]         dormido -> dormido

ASUS@DESKTOP-LQC4BQI MINGW64 /d/workspace/platzi-cursos/git-curso (master)
$ arbolito
* 0ff76b4 (HEAD -> master, origin/master, origin-github/master) siempre nos aseguramos de hacer un git pull antes de hacer un push al remoto
* 748459c se agrega el archivo de comando para establecer conexion ssh con github
* 25d3380 (tag: v0.1) guardamos los ultimos cambios
*   67fe391  conflictos eliminados
|\
| * b40718f cambios en el lado remoto para luego sincronizar con el local
* | 4694862 guardamos los cambios para antes de realizar el pull del server remoto
|/
* 3f81330 comando de diferencias entre github master y master local
* 07dbad0 (tag: dormido) mostramos el log local y remoto

>> eliminamos el tag dormido localmente

ASUS@DESKTOP-LQC4BQI MINGW64 /d/workspace/platzi-cursos/git-curso (master)
$ git tag -d dormido
Deleted tag 'dormido' (was fc49d9a)


ASUS@DESKTOP-LQC4BQI MINGW64 /d/workspace/platzi-cursos/git-curso (master)
$ git tag
v0.1

-->> si enviamos el tag al servidor  este no tiene efecto
ASUS@DESKTOP-LQC4BQI MINGW64 /d/workspace/platzi-cursos/git-curso (master)
$ git pull origin-github master
From github.com:ronesprograms/cursos-platzi
 * branch            master     -> FETCH_HEAD
Already up to date.

ASUS@DESKTOP-LQC4BQI MINGW64 /d/workspace/platzi-cursos/git-curso (master)
$ git push origin-github --tags
Everything up-to-date

>>>> la FORMA DE BORRAR EL TAG EN EL SERVIDOR

ASUS@DESKTOP-LQC4BQI MINGW64 /d/workspace/platzi-cursos/git-curso (master)
$ git push origin-github :refs/tags/dormido
To github.com:ronesprograms/cursos-platzi.git
 - [deleted]         dormido

ASUS@DESKTOP-LQC4BQI MINGW64 /d/workspace/platzi-cursos/git-curso (master)
$




